// Jest Snapshot v1, https://goo.gl/fbAQLP

exports[`<Sort> renders correctly 1`] = `
<div
  className="container"
>
  <div
    className="row"
  >
    <div
      className="col-12"
    >
      <h5
        class="card-title margin-top-twenty"
      >
        Sort options:
      </h5>
    </div>
    <div
      className="col-12"
    >
      <ul
        class="nav nav-pills nav-fill"
      >
        <li
          className="nav-item"
        >
          <a
            className="nav-link active"
            onClick={[Function]}
          >
            All
          </a>
        </li>
        <li
          className="nav-item"
        >
          <a
            className="nav-link null"
            onClick={[Function]}
          >
            Cheap
          </a>
        </li>
        <li
          className="nav-item"
        >
          <a
            className="nav-link null"
            onClick={[Function]}
          >
            Business
          </a>
        </li>
      </ul>
    </div>
  </div>
</div>
`;
