// Jest Snapshot v1, https://goo.gl/fbAQLP

exports[`<Reset> renders correctly 1`] = `
<div
  className="container margin-top-twenty"
>
  <div
    className="row"
  >
    <div
      className="col-12"
    >
      <ul
        class="nav nav-pills nav-fill"
      >
        <li
          className="nav-item"
        >
          <a
            className="nav-link active red"
            onClick={[Function]}
          >
            Reset
          </a>
        </li>
      </ul>
    </div>
  </div>
</div>
`;
