// Jest Snapshot v1, https://goo.gl/fbAQLP

exports[`<Loader> renders correctly 1`] = `
<div
  className="loader-wrapper"
>
  <div
    className="loader-inner"
  >
    <div
      className="spinner-border"
      role="status"
    >
      <span
        className="sr-only"
      />
    </div>
    <p>
      Loading
    </p>
  </div>
</div>
`;
