// Jest Snapshot v1, https://goo.gl/fbAQLP

exports[`<NavBar> renders correctly 1`] = `
<nav
  class="navbar navbar-light bg-light"
>
  <a
    class="navbar-brand"
    href="#"
  >
    <img
      alt=""
      class="d-inline-block align-top"
      height="30"
      src="https://media.glassdoor.com/sqll/2595586/tokigames-squarelogo-1558486351137.png"
      style={
        Object {
          "marginRight": "10px",
        }
      }
      width="30"
    />
    Tokigames-test
  </a>
</nav>
`;
